// Jest Snapshot v1, https://goo.gl/fbAQLP

exports[`Suggestions component rendered 1`] = `
<div>
  <div
    className="ant-divider ant-divider-horizontal ant-divider-with-text ant-divider-with-text-left"
    role="separator"
  >
    <span
      className="ant-divider-inner-text"
    >
      Movies
    </span>
  </div>
  <div
    className="ant-list ant-list-split ant-list-bordered"
  >
    <div
      className="ant-spin-nested-loading"
    >
      <div
        className="ant-spin-container"
      >
        <ul
          className="ant-list-items"
        >
          <li
            className="ant-list-item ant-list-item-no-flex"
            onClick={[Function]}
          >
            <span
              className="ant-typography"
              style={
                Object {
                  "WebkitLineClamp": undefined,
                }
              }
            >
              <mark>
                
              </mark>
            </span>
            Captain Marvel
          </li>
          <li
            className="ant-list-item ant-list-item-no-flex"
            onClick={[Function]}
          >
            <span
              className="ant-typography"
              style={
                Object {
                  "WebkitLineClamp": undefined,
                }
              }
            >
              <mark>
                
              </mark>
            </span>
            Marvel's Behind the Mask
          </li>
          <li
            className="ant-list-item ant-list-item-no-flex"
            onClick={[Function]}
          >
            <span
              className="ant-typography"
              style={
                Object {
                  "WebkitLineClamp": undefined,
                }
              }
            >
              <mark>
                
              </mark>
            </span>
            Captain Marvel 2
          </li>
        </ul>
      </div>
    </div>
  </div>
  <div
    className="ant-divider ant-divider-horizontal ant-divider-with-text ant-divider-with-text-left"
    role="separator"
  >
    <span
      className="ant-divider-inner-text"
    >
      Actors
    </span>
  </div>
  <div
    className="ant-list ant-list-split ant-list-bordered"
  >
    <div
      className="ant-spin-nested-loading"
    >
      <div
        className="ant-spin-container"
      >
        <ul
          className="ant-list-items"
        >
          <li
            className="ant-list-item ant-list-item-no-flex"
            onClick={[Function]}
          >
            <span
              className="ant-typography"
              style={
                Object {
                  "WebkitLineClamp": undefined,
                }
              }
            >
              <mark>
                
              </mark>
            </span>
            Marve Feinberg
          </li>
        </ul>
      </div>
    </div>
  </div>
  <div
    className="ant-divider ant-divider-horizontal ant-divider-with-text ant-divider-with-text-left"
    role="separator"
  >
    <span
      className="ant-divider-inner-text"
    >
      Shows
    </span>
  </div>
  <div
    className="ant-list ant-list-split ant-list-bordered"
  >
    <div
      className="ant-spin-nested-loading"
    >
      <div
        className="ant-spin-container"
      >
        <ul
          className="ant-list-items"
        >
          <li
            className="ant-list-item ant-list-item-no-flex"
            onClick={[Function]}
          >
            <span
              className="ant-typography"
              style={
                Object {
                  "WebkitLineClamp": undefined,
                }
              }
            >
              <mark>
                
              </mark>
            </span>
            Marvel Studios: Legends
          </li>
          <li
            className="ant-list-item ant-list-item-no-flex"
            onClick={[Function]}
          >
            <span
              className="ant-typography"
              style={
                Object {
                  "WebkitLineClamp": undefined,
                }
              }
            >
              <mark>
                
              </mark>
            </span>
            Marvel's Agents of S.H.I.E.L.D.
          </li>
          <li
            className="ant-list-item ant-list-item-no-flex"
            onClick={[Function]}
          >
            <span
              className="ant-typography"
              style={
                Object {
                  "WebkitLineClamp": undefined,
                }
              }
            >
              <mark>
                
              </mark>
            </span>
            Marvel's Daredevil
          </li>
        </ul>
      </div>
    </div>
  </div>
</div>
`;
